<?xml version="1.0" encoding="utf-8"?><testsuites name="pytest tests"><testsuite name="pytest" errors="0" failures="0" skipped="0" tests="5" time="0.652" timestamp="2026-09-01T14:28:20.607415+05:30" hostname="EPINHYDW0C15"><testcase classname="tests.test_api_smoke" name="test_post_and_get_transactions" time="0.031" /><testcase classname="tests.test_api_smoke" name="test_health_check" time="0.006" /><testcase classname="tests.test_api_smoke" name="test_rejects_malformed_transaction_payload" time="0.004" /><testcase classname="tests.test_api_smoke" name="test_returns_not_found_for_missing_transaction" time="0.006" /><testcase classname="tests.test_api_smoke" name="test_handles_invalid_query_and_path_parameters" time="0.009" /></testsuite></testsuites>